
R version 3.6.2 (2019-12-12) -- "Dark and Stormy Night"
Copyright (C) 2019 The R Foundation for Statistical Computing
Platform: x86_64-pc-linux-gnu (64-bit)

R is free software and comes with ABSOLUTELY NO WARRANTY.
You are welcome to redistribute it under certain conditions.
Type 'license()' or 'licence()' for distribution details.

R is a collaborative project with many contributors.
Type 'contributors()' for more information and
'citation()' on how to cite R or R packages in publications.

Type 'demo()' for some demos, 'help()' for on-line help, or
'help.start()' for an HTML browser interface to help.
Type 'q()' to quit R.

> library(psgp)
Loading required package: intamap
Loading required package: sp
> set.seed(100)
> # set up data:
> data(meuse)
> coordinates(meuse) = ~x+y
> meuse$value = log(meuse$zinc)
> data(meuse.grid)
> gridded(meuse.grid) = ~x+y
> proj4string(meuse) = CRS("+init=epsg:28992")
> proj4string(meuse.grid) = CRS("+init=epsg:28992")
> 
> # set up intamap object:
> psgpObject = createIntamapObject(
+   observations = meuse,
+   formulaString=as.formula(value~1),
+   predictionLocations = meuse.grid,
+   class = "psgp"
+ )
> 
> # run test:
> checkSetup(psgpObject)
Checking object ... OK
> 
> # do interpolation steps:
> psgpObject = estimateParameters(psgpObject)
Range: 716.69
Sill: 0.77
Nugget: 0.01
Bias: 0.17
No noise model specified
Defaulting to GAUSSIAN with variance 0.00
Processing observation: 1/155Processing observation: 2/155Processing observation: 3/155Processing observation: 4/155Processing observation: 5/155Processing observation: 6/155Processing observation: 7/155Processing observation: 8/155Processing observation: 9/155Processing observation: 10/155Processing observation: 11/155Processing observation: 12/155Processing observation: 13/155Processing observation: 14/155Processing observation: 15/155Processing observation: 16/155Processing observation: 17/155Processing observation: 18/155Processing observation: 19/155Processing observation: 20/155Processing observation: 21/155Processing observation: 22/155Processing observation: 23/155Processing observation: 24/155Processing observation: 25/155Processing observation: 26/155Processing observation: 27/155Processing observation: 28/155Processing observation: 29/155Processing observation: 30/155Processing observation: 31/155Processing observation: 32/155Processing observation: 33/155Processing observation: 34/155Processing observation: 35/155Processing observation: 36/155Processing observation: 37/155Processing observation: 38/155Processing observation: 39/155Processing observation: 40/155Processing observation: 41/155Processing observation: 42/155Processing observation: 43/155Processing observation: 44/155Processing observation: 45/155Processing observation: 46/155Processing observation: 47/155Processing observation: 48/155Processing observation: 49/155Processing observation: 50/155Processing observation: 51/155Processing observation: 52/155Processing observation: 53/155Processing observation: 54/155Processing observation: 55/155Processing observation: 56/155Processing observation: 57/155Processing observation: 58/155Processing observation: 59/155Processing observation: 60/155Processing observation: 61/155Processing observation: 62/155Processing observation: 63/155Processing observation: 64/155Processing observation: 65/155Processing observation: 66/155Processing observation: 67/155Processing observation: 68/155Processing observation: 69/155Processing observation: 70/155Processing observation: 71/155Processing observation: 72/155Processing observation: 73/155Processing observation: 74/155Processing observation: 75/155Processing observation: 76/155Processing observation: 77/155Processing observation: 78/155Processing observation: 79/155Processing observation: 80/155Processing observation: 81/155Processing observation: 82/155Processing observation: 83/155Processing observation: 84/155Processing observation: 85/155Processing observation: 86/155Processing observation: 87/155Processing observation: 88/155Processing observation: 89/155Processing observation: 90/155Processing observation: 91/155Processing observation: 92/155Processing observation: 93/155Processing observation: 94/155Processing observation: 95/155Processing observation: 96/155Processing observation: 97/155Processing observation: 98/155Processing observation: 99/155Processing observation: 100/155Processing observation: 101/155Processing observation: 102/155Processing observation: 103/155Processing observation: 104/155Processing observation: 105/155Processing observation: 106/155Processing observation: 107/155Processing observation: 108/155Processing observation: 109/155Processing observation: 110/155Processing observation: 111/155Processing observation: 112/155Processing observation: 113/155Processing observation: 114/155Processing observation: 115/155Processing observation: 116/155Processing observation: 117/155Processing observation: 118/155Processing observation: 119/155Processing observation: 120/155Processing observation: 121/155Processing observation: 122/155Processing observation: 123/155Processing observation: 124/155Processing observation: 125/155Processing observation: 126/155Processing observation: 127/155Processing observation: 128/155Processing observation: 129/155Processing observation: 130/155Processing observation: 131/155Processing observation: 132/155Processing observation: 133/155Processing observation: 134/155Processing observation: 135/155Processing observation: 136/155Processing observation: 137/155Processing observation: 138/155Processing observation: 139/155Processing observation: 140/155Processing observation: 141/155Processing observation: 142/155Processing observation: 143/155Processing observation: 144/155Processing observation: 145/155Processing observation: 146/155Processing observation: 147/155Processing observation: 148/155Processing observation: 149/155Processing observation: 150/155Processing observation: 151/155Processing observation: 152/155Processing observation: 153/155Processing observation: 154/155Processing observation: 155/155Processing observation: 1/155Processing observation: 2/155Processing observation: 3/155Processing observation: 4/155Processing observation: 5/155Processing observation: 6/155Processing observation: 7/155Processing observation: 8/155Processing observation: 9/155Processing observation: 10/155Processing observation: 11/155Processing observation: 12/155Processing observation: 13/155Processing observation: 14/155Processing observation: 15/155Processing observation: 16/155Processing observation: 17/155Processing observation: 18/155Processing observation: 19/155Processing observation: 20/155Processing observation: 21/155Processing observation: 22/155Processing observation: 23/155Processing observation: 24/155Processing observation: 25/155Processing observation: 26/155Processing observation: 27/155Processing observation: 28/155Processing observation: 29/155Processing observation: 30/155Processing observation: 31/155Processing observation: 32/155Processing observation: 33/155Processing observation: 34/155Processing observation: 35/155Processing observation: 36/155Processing observation: 37/155Processing observation: 38/155Processing observation: 39/155Processing observation: 40/155Processing observation: 41/155Processing observation: 42/155Processing observation: 43/155Processing observation: 44/155Processing observation: 45/155Processing observation: 46/155Processing observation: 47/155Processing observation: 48/155Processing observation: 49/155Processing observation: 50/155Processing observation: 51/155Processing observation: 52/155Processing observation: 53/155Processing observation: 54/155Processing observation: 55/155Processing observation: 56/155Processing observation: 57/155Processing observation: 58/155Processing observation: 59/155Processing observation: 60/155Processing observation: 61/155Processing observation: 62/155Processing observation: 63/155Processing observation: 64/155Processing observation: 65/155Processing observation: 66/155Processing observation: 67/155Processing observation: 68/155Processing observation: 69/155Processing observation: 70/155Processing observation: 71/155Processing observation: 72/155Processing observation: 73/155Processing observation: 74/155Processing observation: 75/155Processing observation: 76/155Processing observation: 77/155Processing observation: 78/155Processing observation: 79/155Processing observation: 80/155Processing observation: 81/155Processing observation: 82/155Processing observation: 83/155Processing observation: 84/155Processing observation: 85/155Processing observation: 86/155Processing observation: 87/155Processing observation: 88/155Processing observation: 89/155Processing observation: 90/155Processing observation: 91/155Processing observation: 92/155Processing observation: 93/155Processing observation: 94/155Processing observation: 95/155Processing observation: 96/155Processing observation: 97/155Processing observation: 98/155Processing observation: 99/155Processing observation: 100/155Processing observation: 101/155Processing observation: 102/155Processing observation: 103/155Processing observation: 104/155Processing observation: 105/155Processing observation: 106/155Processing observation: 107/155Processing observation: 108/155Processing observation: 109/155Processing observation: 110/155Processing observation: 111/155Processing observation: 112/155Processing observation: 113/155Processing observation: 114/155Processing observation: 115/155Processing observation: 116/155Processing observation: 117/155Processing observation: 118/155Processing observation: 119/155Processing observation: 120/155Processing observation: 121/155Processing observation: 122/155Processing observation: 123/155Processing observation: 124/155Processing observation: 125/155Processing observation: 126/155Processing observation: 127/155Processing observation: 128/155Processing observation: 129/155Processing observation: 130/155Processing observation: 131/155Processing observation: 132/155Processing observation: 133/155Processing observation: 134/155Processing observation: 135/155Processing observation: 136/155Processing observation: 137/155Processing observation: 138/155Processing observation: 139/155Processing observation: 140/155Processing observation: 141/155Processing observation: 142/155Processing observation: 143/155Processing observation: 144/155Processing observation: 145/155Processing observation: 146/155Processing observation: 147/155Processing observation: 148/155Processing observation: 149/155Processing observation: 150/155Processing observation: 151/155Processing observation: 152/155Processing observation: 153/155Processing observation: 154/155Processing observation: 155/155Covariance function : Sum
+ Component: 1
   Covariance function : Isotropic Exponential
   Range  (P0) :716.690
   Variance  (P1) :0.766
+ Component: 2
   Covariance function : Matern 5/2 covariance function
   Length scale  (P0) :716.690
   Variance  (P1) :0.766
+ Component: 3
   Covariance function : Constant
   Amplitude  (P0) :0.170
+ Component: 4
   Covariance function : White noise
   Variance  (P0) :0.007
Finding optimal parametersCycle 1   Error 101.037816  Scale 1.000000
Cycle 2   Error 99.255324  Scale 0.500000
Cycle 3   Error 99.087178  Scale 0.250000
Cycle 4   Error 98.048341  Scale 0.125000
Cycle 5   Error 98.003433  Scale 0.062500
Warning: Maximum number of iterations has been exceeded
Cycle 1   Error 97.968895  Scale 1.000000
Cycle 2   Error 97.507592  Scale 0.500000
Cycle 3   Error 97.495123  Scale 0.250000
Cycle 4   Error 97.495123  Scale 0.125000
Cycle 5   Error 97.167710  Scale 0.500000
Warning: Maximum number of iterations has been exceeded
Cycle 1   Error 97.139195  Scale 1.000000
Cycle 2   Error 97.044461  Scale 0.500000
Cycle 3   Error 97.035602  Scale 0.250000
Cycle 4   Error 97.023475  Scale 0.125000
Cycle 5   Error 97.021581  Scale 0.062500
Warning: Maximum number of iterations has been exceeded
> 
> # make prediction
> psgpObject = spatialPredict(psgpObject)
Make prediction
No noise model specified
Defaulting to GAUSSIAN with variance 0.00
Processing observation: 1/155Processing observation: 2/155Processing observation: 3/155Processing observation: 4/155Processing observation: 5/155Processing observation: 6/155Processing observation: 7/155Processing observation: 8/155Processing observation: 9/155Processing observation: 10/155Processing observation: 11/155Processing observation: 12/155Processing observation: 13/155Processing observation: 14/155Processing observation: 15/155Processing observation: 16/155Processing observation: 17/155Processing observation: 18/155Processing observation: 19/155Processing observation: 20/155Processing observation: 21/155Processing observation: 22/155Processing observation: 23/155Processing observation: 24/155Processing observation: 25/155Processing observation: 26/155Processing observation: 27/155Processing observation: 28/155Processing observation: 29/155Processing observation: 30/155Processing observation: 31/155Processing observation: 32/155Processing observation: 33/155Processing observation: 34/155Processing observation: 35/155Processing observation: 36/155Processing observation: 37/155Processing observation: 38/155Processing observation: 39/155Processing observation: 40/155Processing observation: 41/155Processing observation: 42/155Processing observation: 43/155Processing observation: 44/155Processing observation: 45/155Processing observation: 46/155Processing observation: 47/155Processing observation: 48/155Processing observation: 49/155Processing observation: 50/155Processing observation: 51/155Processing observation: 52/155Processing observation: 53/155Processing observation: 54/155Processing observation: 55/155Processing observation: 56/155Processing observation: 57/155Processing observation: 58/155Processing observation: 59/155Processing observation: 60/155Processing observation: 61/155Processing observation: 62/155Processing observation: 63/155Processing observation: 64/155Processing observation: 65/155Processing observation: 66/155Processing observation: 67/155Processing observation: 68/155Processing observation: 69/155Processing observation: 70/155Processing observation: 71/155Processing observation: 72/155Processing observation: 73/155Processing observation: 74/155Processing observation: 75/155Processing observation: 76/155Processing observation: 77/155Processing observation: 78/155Processing observation: 79/155Processing observation: 80/155Processing observation: 81/155Processing observation: 82/155Processing observation: 83/155Processing observation: 84/155Processing observation: 85/155Processing observation: 86/155Processing observation: 87/155Processing observation: 88/155Processing observation: 89/155Processing observation: 90/155Processing observation: 91/155Processing observation: 92/155Processing observation: 93/155Processing observation: 94/155Processing observation: 95/155Processing observation: 96/155Processing observation: 97/155Processing observation: 98/155Processing observation: 99/155Processing observation: 100/155Processing observation: 101/155Processing observation: 102/155Processing observation: 103/155Processing observation: 104/155Processing observation: 105/155Processing observation: 106/155Processing observation: 107/155Processing observation: 108/155Processing observation: 109/155Processing observation: 110/155Processing observation: 111/155Processing observation: 112/155Processing observation: 113/155Processing observation: 114/155Processing observation: 115/155Processing observation: 116/155Processing observation: 117/155Processing observation: 118/155Processing observation: 119/155Processing observation: 120/155Processing observation: 121/155Processing observation: 122/155Processing observation: 123/155Processing observation: 124/155Processing observation: 125/155Processing observation: 126/155Processing observation: 127/155Processing observation: 128/155Processing observation: 129/155Processing observation: 130/155Processing observation: 131/155Processing observation: 132/155Processing observation: 133/155Processing observation: 134/155Processing observation: 135/155Processing observation: 136/155Processing observation: 137/155Processing observation: 138/155Processing observation: 139/155Processing observation: 140/155Processing observation: 141/155Processing observation: 142/155Processing observation: 143/155Processing observation: 144/155Processing observation: 145/155Processing observation: 146/155Processing observation: 147/155Processing observation: 148/155Processing observation: 149/155Processing observation: 150/155Processing observation: 151/155Processing observation: 152/155Processing observation: 153/155Processing observation: 154/155Processing observation: 155/155Processing observation: 1/155Processing observation: 2/155Processing observation: 3/155Processing observation: 4/155Processing observation: 5/155Processing observation: 6/155Processing observation: 7/155Processing observation: 8/155Processing observation: 9/155Processing observation: 10/155Processing observation: 11/155Processing observation: 12/155Processing observation: 13/155Processing observation: 14/155Processing observation: 15/155Processing observation: 16/155Processing observation: 17/155Processing observation: 18/155Processing observation: 19/155Processing observation: 20/155Processing observation: 21/155Processing observation: 22/155Processing observation: 23/155Processing observation: 24/155Processing observation: 25/155Processing observation: 26/155Processing observation: 27/155Processing observation: 28/155Processing observation: 29/155Processing observation: 30/155Processing observation: 31/155Processing observation: 32/155Processing observation: 33/155Processing observation: 34/155Processing observation: 35/155Processing observation: 36/155Processing observation: 37/155Processing observation: 38/155Processing observation: 39/155Processing observation: 40/155Processing observation: 41/155Processing observation: 42/155Processing observation: 43/155Processing observation: 44/155Processing observation: 45/155Processing observation: 46/155Processing observation: 47/155Processing observation: 48/155Processing observation: 49/155Processing observation: 50/155Processing observation: 51/155Processing observation: 52/155Processing observation: 53/155Processing observation: 54/155Processing observation: 55/155Processing observation: 56/155Processing observation: 57/155Processing observation: 58/155Processing observation: 59/155Processing observation: 60/155Processing observation: 61/155Processing observation: 62/155Processing observation: 63/155Processing observation: 64/155Processing observation: 65/155Processing observation: 66/155Processing observation: 67/155Processing observation: 68/155Processing observation: 69/155Processing observation: 70/155Processing observation: 71/155Processing observation: 72/155Processing observation: 73/155Processing observation: 74/155Processing observation: 75/155Processing observation: 76/155Processing observation: 77/155Processing observation: 78/155Processing observation: 79/155Processing observation: 80/155Processing observation: 81/155Processing observation: 82/155Processing observation: 83/155Processing observation: 84/155Processing observation: 85/155Processing observation: 86/155Processing observation: 87/155Processing observation: 88/155Processing observation: 89/155Processing observation: 90/155Processing observation: 91/155Processing observation: 92/155Processing observation: 93/155Processing observation: 94/155Processing observation: 95/155Processing observation: 96/155Processing observation: 97/155Processing observation: 98/155Processing observation: 99/155Processing observation: 100/155Processing observation: 101/155Processing observation: 102/155Processing observation: 103/155Processing observation: 104/155Processing observation: 105/155Processing observation: 106/155Processing observation: 107/155Processing observation: 108/155Processing observation: 109/155Processing observation: 110/155Processing observation: 111/155Processing observation: 112/155Processing observation: 113/155Processing observation: 114/155Processing observation: 115/155Processing observation: 116/155Processing observation: 117/155Processing observation: 118/155Processing observation: 119/155Processing observation: 120/155Processing observation: 121/155Processing observation: 122/155Processing observation: 123/155Processing observation: 124/155Processing observation: 125/155Processing observation: 126/155Processing observation: 127/155Processing observation: 128/155Processing observation: 129/155Processing observation: 130/155Processing observation: 131/155Processing observation: 132/155Processing observation: 133/155Processing observation: 134/155Processing observation: 135/155Processing observation: 136/155Processing observation: 137/155Processing observation: 138/155Processing observation: 139/155Processing observation: 140/155Processing observation: 141/155Processing observation: 142/155Processing observation: 143/155Processing observation: 144/155Processing observation: 145/155Processing observation: 146/155Processing observation: 147/155Processing observation: 148/155Processing observation: 149/155Processing observation: 150/155Processing observation: 151/155Processing observation: 152/155Processing observation: 153/155Processing observation: 154/155Processing observation: 155/155  Predicting chunk [ 0:999 / 3103 ]
Predict using PSGP
  Predicting chunk [ 1000:1999 / 3103 ]
Predict using PSGP
  Predicting chunk [ 2000:2999 / 3103 ]
Predict using PSGP
  Predicting chunk [ 3000:3102 / 3103 ]
Predict using PSGP
PSGP used the following parameters:Covariance function : Sum
+ Component: 1
   Covariance function : Isotropic Exponential
   Range  (P0) :853.589
   Variance  (P1) :1.070
+ Component: 2
   Covariance function : Matern 5/2 covariance function
   Length scale  (P0) :1307.069
   Variance  (P1) :0.881
+ Component: 3
   Covariance function : Constant
   Amplitude  (P0) :0.024
> 
> # Plot prediction
> # plotIntamap(psgpObject)
> # plotIntamap(meuse, pch=1, cex=sqrt(meuse$value)/20, add=TRUE)
> 
> proc.time()
   user  system elapsed 
  3.156   1.330   1.718 
